// Jest Snapshot v1, https://goo.gl/fbAQLP

exports[`basic should get movie info 1`] = `
Object {
  "adult": false,
  "backdrop_path": Any<String>,
  "belongs_to_collection": null,
  "budget": 63000000,
  "genres": Array [
    Object {
      "id": 18,
      "name": "Drama",
    },
  ],
  "homepage": "http://www.foxmovies.com/movies/fight-club",
  "id": 550,
  "imdb_id": "tt0137523",
  "original_language": "en",
  "original_title": "Fight Club",
  "overview": "A ticking-time-bomb insomniac and a slippery soap salesman channel primal male aggression into a shocking new form of therapy. Their concept catches on, with underground \\"fight clubs\\" forming in every town, until an eccentric gets in the way and ignites an out-of-control spiral toward oblivion.",
  "popularity": Any<Number>,
  "poster_path": Any<String>,
  "production_companies": Any<Array>,
  "production_countries": Array [
    Object {
      "iso_3166_1": "DE",
      "name": "Germany",
    },
    Object {
      "iso_3166_1": "US",
      "name": "United States of America",
    },
  ],
  "release_date": "1999-10-15",
  "revenue": 100853753,
  "runtime": 139,
  "spoken_languages": Array [
    Object {
      "iso_639_1": "en",
      "name": "English",
    },
  ],
  "status": "Released",
  "tagline": "Mischief. Mayhem. Soap.",
  "title": "Fight Club",
  "video": false,
  "vote_average": Any<Number>,
  "vote_count": Any<Number>,
}
`;
